# 
# puts "RISC-V LSU decode APB/SRAM automation"
# puts "Log file: $log_file"
# 
# vlib work
# ** Warning: (vlib-34) Library already exists at "work".
# Errors: 0, Warnings: 1
# vmap work work
# QuestaSim-64 vmap 2024.1 Lib Mapping Utility 2024.02 Feb  1 2024
# vmap work work 
# Modifying C:/questasim64_2024.1/win64/../modelsim.ini
# 
# set SRC_DIR "../00_src/RISC_V"
# ../00_src/RISC_V
# set SOC_DIR "../00_src/soc"
# ../00_src/soc
# set TB_DIR  "../01_sim/RISC_V"
# ../01_sim/RISC_V
# 
# vlog +acc \
#     $SRC_DIR/fa.sv \
#     $SRC_DIR/cla_4bit.sv \
#     $SRC_DIR/cla_32bit.sv \
#     $SRC_DIR/alu.sv \
#     $SRC_DIR/brc.sv \
#     $SRC_DIR/control_logic.sv \
#     $SRC_DIR/immgen.sv \
#     $SRC_DIR/instr_mem.sv \
#     $SRC_DIR/memory.sv \
#     $SRC_DIR/mux2.sv \
#     $SRC_DIR/mux3.sv \
#     $SRC_DIR/pc.sv \
#     $SRC_DIR/PCplus4.sv \
#     $SRC_DIR/regfile.sv \
#     $SRC_DIR/SevenSegment.sv \
#     $SRC_DIR/peripherals.sv \
#     $SOC_DIR/peri_apb_wrapper.sv \
#     $SRC_DIR/lsu_v1.sv \
#     $SRC_DIR/single_cycle.sv \
#     $TB_DIR/tb_lsu_decode_test_apb_sram.sv
# QuestaSim-64 vlog 2024.1 Compiler 2024.02 Feb  1 2024
# Start time: 15:03:48 on Mar 21,2026
# vlog "+acc" ../00_src/RISC_V/fa.sv ../00_src/RISC_V/cla_4bit.sv ../00_src/RISC_V/cla_32bit.sv ../00_src/RISC_V/alu.sv ../00_src/RISC_V/brc.sv ../00_src/RISC_V/control_logic.sv ../00_src/RISC_V/immgen.sv ../00_src/RISC_V/instr_mem.sv ../00_src/RISC_V/memory.sv ../00_src/RISC_V/mux2.sv ../00_src/RISC_V/mux3.sv ../00_src/RISC_V/pc.sv ../00_src/RISC_V/PCplus4.sv ../00_src/RISC_V/regfile.sv ../00_src/RISC_V/SevenSegment.sv ../00_src/RISC_V/peripherals.sv ../00_src/soc/peri_apb_wrapper.sv ../00_src/RISC_V/lsu_v1.sv ../00_src/RISC_V/single_cycle.sv ../01_sim/RISC_V/tb_lsu_decode_test_apb_sram.sv 
# -- Compiling module fa
# -- Compiling module cla_4bit
# -- Compiling module cla_32bit
# -- Compiling module alu
# -- Compiling module brc
# -- Compiling module control_logic
# -- Compiling module ImmGen
# -- Compiling module instr_mem
# -- Compiling module memory
# -- Compiling module mux2
# -- Compiling module mux3
# -- Compiling module pc
# -- Compiling module PCplus4
# -- Compiling module regfile
# -- Compiling module SevenSegment
# -- Compiling module peripherals
# -- Compiling module peri_apb_wrapper
# -- Compiling module lsu
# -- Compiling module single_cycle
# -- Compiling module tb_lsu_decode
# 
# Top level modules:
# 	tb_lsu_decode
# End time: 15:03:48 on Mar 21,2026, Elapsed time: 0:00:00
# Errors: 0, Warnings: 0
# 
# vsim -c tb_lsu_decode -do "run -all; quit -f"
# vsim -c tb_lsu_decode -do "run -all; quit -f" 
# Start time: 15:03:48 on Mar 21,2026
# ** Note: (vsim-3813) Design is being optimized due to module recompilation...
# Support of the MGLS_LICENSE_FILE and LM_LICENSE_FILE licensing environment variables will be discontinued starting with the 2025.1 release. Please update to using the SALT_LICENSE_SERVER variable.
# Please contact Siemens EDA Customer Support (https://support.sw.siemens.com/) for assistance.
# ** Warning: (vopt-10587) Some optimizations are turned off because the +acc switch is in effect. This will cause your simulation to run slowly. Please use -access/-debug to maintain needed visibility.
# ** Note: (vsim-12126) Error and warning message counts have been restored: Errors=0, Warnings=1.
# //  Questa Sim-64
# //  Version 2024.1 win64 Feb  1 2024
# //
# // Unpublished work. Copyright 2024 Siemens
# //
# // This material contains trade secrets or otherwise confidential information
# // owned by Siemens Industry Software Inc. or its affiliates (collectively,
# // "SISW"), or its licensors. Access to and use of this information is strictly
# // limited as set forth in the Customer's applicable agreements with SISW.
# //
# // This material may not be copied, distributed, or otherwise disclosed outside
# // of the Customer's facilities without the express written permission of SISW,
# // and may not be used in any way not expressly authorized by SISW.
# //
# Loading sv_std.std
# Loading work.tb_lsu_decode(fast)
# Loading work.peri_apb_wrapper(fast)
# Loading work.peripherals(fast)
# Loading work.SevenSegment(fast)
# Loading work.single_cycle(fast)
# Loading work.PCplus4(fast)
# Loading work.mux2(fast)
# Loading work.pc(fast)
# Loading work.instr_mem(fast)
# Loading work.ImmGen(fast)
# Loading work.regfile(fast)
# Loading work.brc(fast)
# Loading work.cla_32bit(fast)
# Loading work.cla_4bit(fast)
# Loading work.fa(fast)
# Loading work.alu(fast)
# Loading work.lsu(fast)
# Loading work.memory(fast)
# Loading work.mux3(fast)
# Loading work.control_logic(fast)
# run -all
# <at time 136000 ns> [START] LSU Zone 1 LOCAL_MEM decode checks
# <at time 161000 ns> [START] LSU Zone 2 IMG_IN decode checks
# <at time 231000 ns> [START] LSU Zone 3 IMG_OUT decode checks
# <at time 291000 ns> [START] LSU Zone 4 IMG_TMP decode checks
# <at time 331000 ns> [START] LSU Zone 5 PERIPHERAL APB checks
# <at time 361000 ns> [START] LSU Zone 6 IPU APB checks
# <at time 401000 ns> [START] LSU Zone 7 APB boundary checks
# <at time 511000 ns> [START] LSU Zone 8 IMG boundary checks
# <at time 571000 ns> [START] LSU done flag wait
# 
# +------------------------------------------+--------+
# | LSU DECODE TEST RESULTS                  | RESULT |
# +------------------------------------------+--------+
# | Zone1 LOCAL_MEM: is_mem=1 on sw          | PASS   |
# | Zone1 LOCAL_MEM: is_img_in=0             | PASS   |
# | Zone1 LOCAL_MEM: is_ipu=0                | PASS   |
# | Zone1 LOCAL_MEM: PSEL_peri=0 & PSEL_ipu=0 | PASS   |
# | Zone1 LOCAL_MEM: img_in_sys_en=0         | PASS   |
# | Zone2 IMG_IN: is_img_in=1 on sw          | PASS   |
# | Zone2 IMG_IN: img_in_sys_en=1            | PASS   |
# | Zone2 IMG_IN: img_in_sys_we=1 on sw      | PASS   |
# | Zone2 IMG_IN: is_img_out=0               | PASS   |
# | Zone2 IMG_IN: PSEL_peri=0 & PSEL_ipu=0   | PASS   |
# | Zone2 IMG_IN: img_in_sys_addr==0         | PASS   |
# | Zone2 IMG_IN: img_in_sys_wdata==0xDEAD   | PASS   |
# | Zone2 IMG_IN: img_in_sys_we=0 on lw      | PASS   |
# | Zone2 IMG_IN: img_in_sys_en=1 on lw      | PASS   |
# | Zone3 IMG_OUT: is_img_out=1 on sw        | PASS   |
# | Zone3 IMG_OUT: img_out_sys_en=1          | PASS   |
# | Zone3 IMG_OUT: img_out_sys_we=1          | PASS   |
# | Zone3 IMG_OUT: is_img_in=0               | PASS   |
# | Zone3 IMG_OUT: PSEL_peri=0 & PSEL_ipu=0  | PASS   |
# | Zone4 IMG_TMP: is_img_tmp=1 on sw        | PASS   |
# | Zone4 IMG_TMP: img_tmp_sys_en=1          | PASS   |
# | Zone4 IMG_TMP: img_tmp_sys_we=1          | PASS   |
# | Zone4 IMG_TMP: PSEL_peri=0 & PSEL_ipu=0  | PASS   |
# | Zone4 IMG_TMP: img_in_sys_en=0           | PASS   |
# | Zone5 PERI: is_peri=1 on sw              | PASS   |
# | Zone5 PERI: PSEL_peri=1                  | PASS   |
# | Zone5 PERI: PSEL_ipu=0                   | PASS   |
# | Zone5 PERI: PENABLE=1                    | PASS   |
# | Zone5 PERI: img_in_sys_en=0              | PASS   |
# | Zone5 PERI: is_ipu=0                     | PASS   |
# | Zone6 IPU READ: is_ipu=1                 | PASS   |
# | Zone6 IPU READ: PSEL_ipu=1               | PASS   |
# | Zone6 IPU READ: PSEL_peri=0              | PASS   |
# | Zone6 IPU READ: PENABLE=1                | PASS   |
# | Zone6 IPU READ: PWRITE=0                 | PASS   |
# | Zone6 IPU READ: PADDR=0x1002003C         | PASS   |
# | Zone6 IPU READ: img_in_sys_en=0          | PASS   |
# | Zone6 IPU READ: img_out_sys_en=0         | PASS   |
# | Zone6 IPU WRITE: PSEL_ipu=1              | PASS   |
# | Zone6 IPU WRITE: PWRITE=1                | PASS   |
# | Zone6 IPU WRITE: PADDR=0x10020008        | PASS   |
# | Zone6 IPU WRITE: PWDATA=0x00010000       | PASS   |
# | Zone6 IPU WRITE: PSTRB=4'b1111           | PASS   |
# | Zone6 IPU WRITE: img_in_sys_en=0         | PASS   |
# | Zone7 BOUNDARY: PSEL_peri=0 & PSEL_ipu=0 | PASS   |
# | Zone8 BOUNDARY 0x0003FFFC: is_img_in=1   | PASS   |
# | Zone8 BOUNDARY 0x0003FFFC: is_img_out=0  | PASS   |
# | Zone8 BOUNDARY 0x00040000: is_img_out=1  | PASS   |
# | Zone8 BOUNDARY 0x00040000: is_img_in=0   | PASS   |
# | Assembly reached DONE (LED write via APB) | PASS   |
# +------------------------------------------+--------+
# | Total: 50                             PASS: 50  FAIL: 0   |
# +------------------------------------------+--------+
# 
# >>> ALL TESTS PASSED <<<
# 
# Simulation complete at time 605000 ns
# ** Note: $finish    : ../01_sim/RISC_V/tb_lsu_decode_test_apb_sram.sv(566)
#    Time: 705 ns  Iteration: 0  Instance: /tb_lsu_decode
# End time: 15:03:50 on Mar 21,2026, Elapsed time: 0:00:02
# Errors: 0, Warnings: 1
