# 
# puts "RISC-V single_cycle automation"
# puts "Log file: $log_file"
# 
# vlib work
# ** Warning: (vlib-34) Library already exists at "work".
# Errors: 0, Warnings: 1
# vmap work work
# QuestaSim-64 vmap 2024.1 Lib Mapping Utility 2024.02 Feb  1 2024
# vmap work work 
# Modifying C:/questasim64_2024.1/win64/../modelsim.ini
# 
# set SRC_DIR "../00_src/RISC_V"
# ../00_src/RISC_V
# set TB_DIR  "../01_sim/RISC_V"
# ../01_sim/RISC_V
# 
# vlog +acc \
#     $SRC_DIR/fa.sv \
#     $SRC_DIR/cla_4bit.sv \
#     $SRC_DIR/cla_32bit.sv \
#     $SRC_DIR/alu.sv \
#     $SRC_DIR/brc.sv \
#     $SRC_DIR/control_logic.sv \
#     $SRC_DIR/immgen.sv \
#     $SRC_DIR/instr_mem.sv \
#     $SRC_DIR/memory.sv \
#     $SRC_DIR/mux2.sv \
#     $SRC_DIR/mux3.sv \
#     $SRC_DIR/pc.sv \
#     $SRC_DIR/PCplus4.sv \
#     $SRC_DIR/regfile.sv \
#     $SRC_DIR/SevenSegment.sv \
#     $SRC_DIR/peripherals.sv \
#     $SRC_DIR/lsu_v1.sv \
#     $SRC_DIR/single_cycle.sv \
#     $TB_DIR/single_cycle_tb.sv
# QuestaSim-64 vlog 2024.1 Compiler 2024.02 Feb  1 2024
# Start time: 22:37:20 on Mar 19,2026
# vlog "+acc" ../00_src/RISC_V/fa.sv ../00_src/RISC_V/cla_4bit.sv ../00_src/RISC_V/cla_32bit.sv ../00_src/RISC_V/alu.sv ../00_src/RISC_V/brc.sv ../00_src/RISC_V/control_logic.sv ../00_src/RISC_V/immgen.sv ../00_src/RISC_V/instr_mem.sv ../00_src/RISC_V/memory.sv ../00_src/RISC_V/mux2.sv ../00_src/RISC_V/mux3.sv ../00_src/RISC_V/pc.sv ../00_src/RISC_V/PCplus4.sv ../00_src/RISC_V/regfile.sv ../00_src/RISC_V/SevenSegment.sv ../00_src/RISC_V/peripherals.sv ../00_src/RISC_V/lsu_v1.sv ../00_src/RISC_V/single_cycle.sv ../01_sim/RISC_V/single_cycle_tb.sv 
# -- Compiling module fa
# -- Compiling module cla_4bit
# -- Compiling module cla_32bit
# -- Compiling module alu
# -- Compiling module brc
# -- Compiling module control_logic
# -- Compiling module ImmGen
# -- Compiling module instr_mem
# -- Compiling module memory
# -- Compiling module mux2
# -- Compiling module mux3
# -- Compiling module pc
# -- Compiling module PCplus4
# -- Compiling module regfile
# -- Compiling module SevenSegment
# -- Compiling module peripherals
# -- Compiling module lsu
# -- Compiling module single_cycle
# -- Compiling module single_cycle_tb
# 
# Top level modules:
# 	peripherals
# 	single_cycle_tb
# End time: 22:37:21 on Mar 19,2026, Elapsed time: 0:00:01
# Errors: 0, Warnings: 0
# 
# vsim -c single_cycle_tb -do "run -all; quit -f"
# vsim -c single_cycle_tb -do "run -all; quit -f" 
# Start time: 22:37:21 on Mar 19,2026
# ** Note: (vsim-3812) Design is being optimized...
# ** Warning: (vopt-133) Unable to remove directory "C:/Users/USER/OneDrive - Verisilicon/Desktop/works_code_DA2/02_questasim/work/@_opt1/_data".
# ** Warning: (vopt-133) Unable to remove directory "C:/Users/USER/OneDrive - Verisilicon/Desktop/works_code_DA2/02_questasim/work/@_opt1".
# Access is denied. (GetLastError() = 5)
# Support of the MGLS_LICENSE_FILE and LM_LICENSE_FILE licensing environment variables will be discontinued starting with the 2025.1 release. Please update to using the SALT_LICENSE_SERVER variable.
# Please contact Siemens EDA Customer Support (https://support.sw.siemens.com/) for assistance.
# ** Warning: (vopt-10587) Some optimizations are turned off because the +acc switch is in effect. This will cause your simulation to run slowly. Please use -access/-debug to maintain needed visibility.
# ** Error (suppressible): ../01_sim/RISC_V/single_cycle_tb.sv(156): (vopt-7063) Failed to find 'o_io_ledr' in hierarchical name 'o_io_ledr'.
#         Region: single_cycle_tb
# Optimization failed
# ** Warning: (vopt-133) Unable to remove directory "C:/Users/USER/OneDrive - Verisilicon/Desktop/works_code_DA2/02_questasim/work/@_opt1/_data".
# Access is denied. (GetLastError() = 5)
# ** Warning: (vopt-133) Unable to remove directory "C:/Users/USER/OneDrive - Verisilicon/Desktop/works_code_DA2/02_questasim/work/@_opt1".
# Access is denied. (GetLastError() = 5)
# ** Note: (vsim-12126) Error and warning message counts have been restored: Errors=1, Warnings=5.
# Error loading design
# End time: 22:37:21 on Mar 19,2026, Elapsed time: 0:00:00
# Errors: 1, Warnings: 5
