------------------------------------------------------------
Timing Analyzer Summary
------------------------------------------------------------

Type  : Slow 1200mV 85C Model Setup 'CLOCK_50'
Slack : -69.519
TNS   : -3328.033

Type  : Slow 1200mV 85C Model Setup 'music_top_u|pll_u|altpll_component|auto_generated|pll1|clk[1]'
Slack : -3.695
TNS   : -22.170

Type  : Slow 1200mV 85C Model Setup 'music_top:music_top_u|DAC_LR_CLK'
Slack : -2.493
TNS   : -32.223

Type  : Slow 1200mV 85C Model Setup 'vga_controller:vga_controller_u|vga_clk'
Slack : -1.653
TNS   : -31.292

Type  : Slow 1200mV 85C Model Setup 'music_top:music_top_u|i2c_protocol:i2c_protocol_u|SCLK'
Slack : -1.290
TNS   : -16.626

Type  : Slow 1200mV 85C Model Setup 'music_top:music_top_u|i2c_protocol:i2c_protocol_u|finish_flag'
Slack : -0.367
TNS   : -0.610

Type  : Slow 1200mV 85C Model Hold 'CLOCK_50'
Slack : 0.401
TNS   : 0.000

Type  : Slow 1200mV 85C Model Hold 'music_top:music_top_u|i2c_protocol:i2c_protocol_u|finish_flag'
Slack : 0.404
TNS   : 0.000

Type  : Slow 1200mV 85C Model Hold 'music_top:music_top_u|DAC_LR_CLK'
Slack : 0.407
TNS   : 0.000

Type  : Slow 1200mV 85C Model Hold 'music_top_u|pll_u|altpll_component|auto_generated|pll1|clk[1]'
Slack : 0.407
TNS   : 0.000

Type  : Slow 1200mV 85C Model Hold 'vga_controller:vga_controller_u|vga_clk'
Slack : 0.449
TNS   : 0.000

Type  : Slow 1200mV 85C Model Hold 'music_top:music_top_u|i2c_protocol:i2c_protocol_u|SCLK'
Slack : 0.547
TNS   : 0.000

Type  : Slow 1200mV 85C Model Recovery 'CLOCK_50'
Slack : 14.772
TNS   : 0.000

Type  : Slow 1200mV 85C Model Removal 'CLOCK_50'
Slack : 1.217
TNS   : 0.000

Type  : Slow 1200mV 85C Model Minimum Pulse Width 'vga_controller:vga_controller_u|vga_clk'
Slack : -1.285
TNS   : -26.985

Type  : Slow 1200mV 85C Model Minimum Pulse Width 'music_top:music_top_u|DAC_LR_CLK'
Slack : -1.285
TNS   : -23.130

Type  : Slow 1200mV 85C Model Minimum Pulse Width 'music_top:music_top_u|i2c_protocol:i2c_protocol_u|SCLK'
Slack : -1.285
TNS   : -19.275

Type  : Slow 1200mV 85C Model Minimum Pulse Width 'music_top:music_top_u|i2c_protocol:i2c_protocol_u|finish_flag'
Slack : -1.285
TNS   : -5.140

Type  : Slow 1200mV 85C Model Minimum Pulse Width 'CLOCK_50'
Slack : 9.622
TNS   : 0.000

Type  : Slow 1200mV 85C Model Minimum Pulse Width 'music_top_u|pll_u|altpll_component|auto_generated|pll1|clk[1]'
Slack : 1947.624
TNS   : 0.000

Type  : Slow 1200mV 0C Model Setup 'CLOCK_50'
Slack : -60.686
TNS   : -2924.812

Type  : Slow 1200mV 0C Model Setup 'music_top_u|pll_u|altpll_component|auto_generated|pll1|clk[1]'
Slack : -3.187
TNS   : -19.122

Type  : Slow 1200mV 0C Model Setup 'music_top:music_top_u|DAC_LR_CLK'
Slack : -2.210
TNS   : -27.502

Type  : Slow 1200mV 0C Model Setup 'vga_controller:vga_controller_u|vga_clk'
Slack : -1.414
TNS   : -26.519

Type  : Slow 1200mV 0C Model Setup 'music_top:music_top_u|i2c_protocol:i2c_protocol_u|SCLK'
Slack : -1.081
TNS   : -13.797

Type  : Slow 1200mV 0C Model Setup 'music_top:music_top_u|i2c_protocol:i2c_protocol_u|finish_flag'
Slack : -0.227
TNS   : -0.350

Type  : Slow 1200mV 0C Model Hold 'CLOCK_50'
Slack : 0.353
TNS   : 0.000

Type  : Slow 1200mV 0C Model Hold 'music_top:music_top_u|i2c_protocol:i2c_protocol_u|finish_flag'
Slack : 0.353
TNS   : 0.000

Type  : Slow 1200mV 0C Model Hold 'music_top:music_top_u|DAC_LR_CLK'
Slack : 0.365
TNS   : 0.000

Type  : Slow 1200mV 0C Model Hold 'music_top_u|pll_u|altpll_component|auto_generated|pll1|clk[1]'
Slack : 0.365
TNS   : 0.000

Type  : Slow 1200mV 0C Model Hold 'vga_controller:vga_controller_u|vga_clk'
Slack : 0.405
TNS   : 0.000

Type  : Slow 1200mV 0C Model Hold 'music_top:music_top_u|i2c_protocol:i2c_protocol_u|SCLK'
Slack : 0.496
TNS   : 0.000

Type  : Slow 1200mV 0C Model Recovery 'CLOCK_50'
Slack : 15.130
TNS   : 0.000

Type  : Slow 1200mV 0C Model Removal 'CLOCK_50'
Slack : 1.115
TNS   : 0.000

Type  : Slow 1200mV 0C Model Minimum Pulse Width 'vga_controller:vga_controller_u|vga_clk'
Slack : -1.285
TNS   : -26.985

Type  : Slow 1200mV 0C Model Minimum Pulse Width 'music_top:music_top_u|DAC_LR_CLK'
Slack : -1.285
TNS   : -23.130

Type  : Slow 1200mV 0C Model Minimum Pulse Width 'music_top:music_top_u|i2c_protocol:i2c_protocol_u|SCLK'
Slack : -1.285
TNS   : -19.275

Type  : Slow 1200mV 0C Model Minimum Pulse Width 'music_top:music_top_u|i2c_protocol:i2c_protocol_u|finish_flag'
Slack : -1.285
TNS   : -5.140

Type  : Slow 1200mV 0C Model Minimum Pulse Width 'CLOCK_50'
Slack : 9.643
TNS   : 0.000

Type  : Slow 1200mV 0C Model Minimum Pulse Width 'music_top_u|pll_u|altpll_component|auto_generated|pll1|clk[1]'
Slack : 1947.626
TNS   : 0.000

Type  : Fast 1200mV 0C Model Setup 'CLOCK_50'
Slack : -23.309
TNS   : -1254.297

Type  : Fast 1200mV 0C Model Setup 'music_top_u|pll_u|altpll_component|auto_generated|pll1|clk[1]'
Slack : -1.597
TNS   : -9.582

Type  : Fast 1200mV 0C Model Setup 'music_top:music_top_u|DAC_LR_CLK'
Slack : -0.704
TNS   : -7.183

Type  : Fast 1200mV 0C Model Setup 'vga_controller:vga_controller_u|vga_clk'
Slack : -0.257
TNS   : -3.862

Type  : Fast 1200mV 0C Model Setup 'music_top:music_top_u|i2c_protocol:i2c_protocol_u|SCLK'
Slack : -0.092
TNS   : -0.460

Type  : Fast 1200mV 0C Model Setup 'music_top:music_top_u|i2c_protocol:i2c_protocol_u|finish_flag'
Slack : 0.322
TNS   : 0.000

Type  : Fast 1200mV 0C Model Hold 'CLOCK_50'
Slack : 0.148
TNS   : 0.000

Type  : Fast 1200mV 0C Model Hold 'music_top:music_top_u|i2c_protocol:i2c_protocol_u|finish_flag'
Slack : 0.182
TNS   : 0.000

Type  : Fast 1200mV 0C Model Hold 'music_top:music_top_u|DAC_LR_CLK'
Slack : 0.187
TNS   : 0.000

Type  : Fast 1200mV 0C Model Hold 'music_top_u|pll_u|altpll_component|auto_generated|pll1|clk[1]'
Slack : 0.188
TNS   : 0.000

Type  : Fast 1200mV 0C Model Hold 'music_top:music_top_u|i2c_protocol:i2c_protocol_u|SCLK'
Slack : 0.204
TNS   : 0.000

Type  : Fast 1200mV 0C Model Hold 'vga_controller:vga_controller_u|vga_clk'
Slack : 0.205
TNS   : 0.000

Type  : Fast 1200mV 0C Model Recovery 'CLOCK_50'
Slack : 17.246
TNS   : 0.000

Type  : Fast 1200mV 0C Model Removal 'CLOCK_50'
Slack : 0.566
TNS   : 0.000

Type  : Fast 1200mV 0C Model Minimum Pulse Width 'vga_controller:vga_controller_u|vga_clk'
Slack : -1.000
TNS   : -21.000

Type  : Fast 1200mV 0C Model Minimum Pulse Width 'music_top:music_top_u|DAC_LR_CLK'
Slack : -1.000
TNS   : -18.000

Type  : Fast 1200mV 0C Model Minimum Pulse Width 'music_top:music_top_u|i2c_protocol:i2c_protocol_u|SCLK'
Slack : -1.000
TNS   : -15.000

Type  : Fast 1200mV 0C Model Minimum Pulse Width 'music_top:music_top_u|i2c_protocol:i2c_protocol_u|finish_flag'
Slack : -1.000
TNS   : -4.000

Type  : Fast 1200mV 0C Model Minimum Pulse Width 'CLOCK_50'
Slack : 9.371
TNS   : 0.000

Type  : Fast 1200mV 0C Model Minimum Pulse Width 'music_top_u|pll_u|altpll_component|auto_generated|pll1|clk[1]'
Slack : 1947.697
TNS   : 0.000

------------------------------------------------------------
