Reading pref.tcl

# 2024.1

# vsim -c tb_dark_opt -do "run -all; quit" 
# Start time: 21:04:23 on Mar 08,2026
# //  Questa Sim-64
# //  Version 2024.1 win64 Feb  1 2024
# //
# // Unpublished work. Copyright 2024 Siemens
# //
# // This material contains trade secrets or otherwise confidential information
# // owned by Siemens Industry Software Inc. or its affiliates (collectively,
# // "SISW"), or its licensors. Access to and use of this information is strictly
# // limited as set forth in the Customer's applicable agreements with SISW.
# //
# // This material may not be copied, distributed, or otherwise disclosed outside
# // of the Customer's facilities without the express written permission of SISW,
# // and may not be used in any way not expressly authorized by SISW.
# //
# Loading sv_std.std
# Loading work.testbench(fast)
# Loading work.top(fast)
# Loading work.dark_channel(fast)
# Loading work.src_min(fast)
# Loading work.ROM(fast)
# Loading work.RAM(fast)
# run -all
# Warning: No pattern macro (P1, P2, TEST) defined. Using default test.bmp
# 
# === Input Image Debug Info ===
# ROM[0]: R=7b, G=82, B=5c
# ROM[1]: R=69, G=75, B=4f
# ROM[2]: R=5e, G=6e, B=47
# ROM[3]: R=5f, G=6e, B=49
# ROM[4]: R=66, G=70, B=4d
# 
# Generating dark channel image...
# Dark channel image saved to: ../01_sim/IPU/Testbench_DarkChannel_System/sim/image/dark_test_128.bmp
# 
# Custom image '../01_sim/IPU/Testbench_DarkChannel_System/sim/image/test_128.bmp' processed successfully.
# 
# ** Note: $finish    : ../01_sim/IPU/Testbench_DarkChannel_System/sim/testbench.sv(341)
#    Time: 163905 ns  Iteration: 1  Instance: /testbench
# End time: 21:04:25 on Mar 08,2026, Elapsed time: 0:00:02
# Errors: 0, Warnings: 0
