# vsim -c tb_opt "+PATTERN_FILE=../09_pattern/pattern_haze_removal_top_input.hex" "+GOLDEN_FILE=../07_golden_output/golden_haze_removal_top.hex" -l log/sim_haze_removal_top_128.log -do "run -all; quit" 
# Start time: 23:04:51 on Mar 14,2026
# //  Questa Sim-64
# //  Version 2024.1 win64 Feb  1 2024
# //
# // Unpublished work. Copyright 2024 Siemens
# //
# // This material contains trade secrets or otherwise confidential information
# // owned by Siemens Industry Software Inc. or its affiliates (collectively,
# // "SISW"), or its licensors. Access to and use of this information is strictly
# // limited as set forth in the Customer's applicable agreements with SISW.
# //
# // This material may not be copied, distributed, or otherwise disclosed outside
# // of the Customer's facilities without the express written permission of SISW,
# // and may not be used in any way not expressly authorized by SISW.
# //
# Loading sv_std.std
# Loading work.haze_removal_top_tb(fast)
# Loading work.haze_removal_top(fast)
# Loading work.atm_light_coarse_tx(fast)
# Loading work.grayscale(fast)
# Loading work.dark_channel(fast)
# Loading work.src_min(fast)
# Loading work.atmospheric_light(fast)
# Loading work.sky_recognition(fast)
# Loading work.estimate_transmission(fast)
# Loading work.invA_lut_q16(fast)
# Loading work.norm_channel_q16(fast)
# Loading work.min3_u8(fast)
# Loading work.omega_clamp_t(fast)
# Loading work.bank_pingpong_stream(fast)
# Loading work.frame_linear_counter(fast)
# Loading work.bank_bram(fast)
# Loading work.adc_estimation(fast)
# Loading work.adc_line_buffer_5x5(fast)
# Loading work.adc_pixel_distance(fast)
# Loading work.adc_path_length(fast)
# Loading work.adc_rlimit_compute(fast)
# Loading work.adc_ase_masked_min(fast)
# Loading work.t_compute_fuse(fast)
# Loading work.t_computing(fast)
# Loading work.fusing(fast)
# run -all
# Pattern file: ../09_pattern/pattern_haze_removal_top_input.hex
# Golden  file: ../07_golden_output/golden_haze_removal_top.hex
# Golden tx5x5 : ../07_golden_output/golden_haze_removal_top_tx5x5.hex
# Golden adc   : ../07_golden_output/golden_haze_removal_top_adc.hex
# ** Warning: (vsim-PLI-3406) Too many digits (20) in data on line 1 of file "../09_pattern/pattern_haze_removal_top_input.hex". (Max is 6.)    : ../01_sim/IPU/haze_removal_top_tb.sv(335)
#    Time: 0 ps  Iteration: 0  Instance: /haze_removal_top_tb
# 
# ============================================================
#   HAZE_REMOVAL_TOP TB (5x5 frame, 20 cases)
# ============================================================
# 
# [CASE  0] exp_case_id=0 tx_raw=0xc7 tx_used=0xc7 exp_rgb=(113,96,90)
#   X-TRACE case=0 phase=ADC sig=dut.bank_rd_data
#   TRACE TX5x5: first mismatch idx=0 got=0xxx exp=0x25
#   TRACE ADC stream idx=0 pix=0xxx (golden=0x1a)
#   TRACE ADC stream idx=1 pix=0xxx (golden=0x1a)
#   TRACE TX5x5: mismatches=25 over 25 compared samples
#   TRACE ADC pick: pick_idx=1 latched_idx=1 out_count=2 selected_adc=0xxx first_match_idx=-1
#   ERROR: unknown X/Z detected in compare data
# [CASE  1] exp_case_id=1 tx_raw=0xd0 tx_used=0xd0 exp_rgb=(134,117,112)
#   X-TRACE case=1 phase=ADC sig=dut.bank_rd_data
#   TRACE TX5x5: first mismatch idx=0 got=0xxx exp=0x1f
#   TRACE ADC stream idx=0 pix=0xxx (golden=0x1a)
#   TRACE ADC stream idx=1 pix=0xxx (golden=0x1a)
#   TRACE TX5x5: mismatches=25 over 25 compared samples
#   TRACE ADC pick: pick_idx=1 latched_idx=1 out_count=2 selected_adc=0xxx first_match_idx=-1
#   ERROR: unknown X/Z detected in compare data
# [CASE  2] exp_case_id=2 tx_raw=0x12 tx_used=0x1a exp_rgb=(125,46,17)
#   X-TRACE case=2 phase=ADC sig=dut.bank_rd_data
#   TRACE TX5x5: first mismatch idx=0 got=0xxx exp=0xd7
#   TRACE ADC stream idx=0 pix=0xxx (golden=0xd0)
#   TRACE ADC stream idx=1 pix=0xxx (golden=0xd0)
#   TRACE TX5x5: mismatches=25 over 25 compared samples
#   TRACE ADC pick: pick_idx=1 latched_idx=1 out_count=2 selected_adc=0xxx first_match_idx=-1
#   ERROR: unknown X/Z detected in compare data
# [CASE  3] exp_case_id=3 tx_raw=0x7f tx_used=0x7f exp_rgb=(22,4,0)
#   X-TRACE case=3 phase=ADC sig=dut.bank_rd_data
#   TRACE TX5x5: first mismatch idx=0 got=0xxx exp=0xe5
#   TRACE ADC stream idx=0 pix=0xxx (golden=0x7c)
#   TRACE ADC stream idx=1 pix=0xxx (golden=0x7c)
#   TRACE TX5x5: mismatches=25 over 25 compared samples
#   TRACE ADC pick: pick_idx=1 latched_idx=1 out_count=2 selected_adc=0xxx first_match_idx=-1
#   ERROR: unknown X/Z detected in compare data
# [CASE  4] exp_case_id=4 tx_raw=0xf8 tx_used=0xf8 exp_rgb=(24,13,12)
#   X-TRACE case=4 phase=ADC sig=dut.bank_rd_data
#   TRACE TX5x5: first mismatch idx=0 got=0xxx exp=0xed
#   TRACE ADC stream idx=0 pix=0xxx (golden=0xe8)
#   TRACE ADC stream idx=1 pix=0xxx (golden=0xe8)
#   TRACE TX5x5: mismatches=25 over 25 compared samples
#   TRACE ADC pick: pick_idx=1 latched_idx=1 out_count=2 selected_adc=0xxx first_match_idx=-1
#   ERROR: unknown X/Z detected in compare data
# [CASE  5] exp_case_id=5 tx_raw=0xf8 tx_used=0xf8 exp_rgb=(25,13,13)
#   X-TRACE case=5 phase=ADC sig=dut.bank_rd_data
#   TRACE TX5x5: first mismatch idx=0 got=0xxx exp=0xff
#   TRACE ADC stream idx=0 pix=0xxx (golden=0xe8)
#   TRACE ADC stream idx=1 pix=0xxx (golden=0xe8)
#   TRACE TX5x5: mismatches=25 over 25 compared samples
#   TRACE ADC pick: pick_idx=1 latched_idx=1 out_count=2 selected_adc=0xxx first_match_idx=-1
#   ERROR: unknown X/Z detected in compare data
# [CASE  6] exp_case_id=6 tx_raw=0xbd tx_used=0xbd exp_rgb=(192,175,177)
#   X-TRACE case=6 phase=ADC sig=dut.bank_rd_data
#   TRACE TX5x5: first mismatch idx=0 got=0xxx exp=0x7d
#   TRACE ADC stream idx=0 pix=0xxx (golden=0xff)
#   TRACE ADC stream idx=1 pix=0xxx (golden=0xff)
#   TRACE TX5x5: mismatches=25 over 25 compared samples
#   TRACE ADC pick: pick_idx=1 latched_idx=1 out_count=2 selected_adc=0xxx first_match_idx=-1
#   ERROR: unknown X/Z detected in compare data
# [CASE  7] exp_case_id=7 tx_raw=0x58 tx_used=0x58 exp_rgb=(213,175,181)
#   X-TRACE case=7 phase=ADC sig=dut.bank_rd_data
#   TRACE TX5x5: first mismatch idx=0 got=0xxx exp=0xc6
#   TRACE ADC stream idx=0 pix=0xxx (golden=0x93)
#   TRACE ADC stream idx=1 pix=0xxx (golden=0x93)
#   TRACE TX5x5: mismatches=25 over 25 compared samples
#   TRACE ADC pick: pick_idx=1 latched_idx=1 out_count=2 selected_adc=0xxx first_match_idx=-1
#   ERROR: unknown X/Z detected in compare data
# [CASE  8] exp_case_id=8 tx_raw=0xc9 tx_used=0xc9 exp_rgb=(113,95,85)
#   X-TRACE case=8 phase=ADC sig=dut.bank_rd_data
#   TRACE TX5x5: first mismatch idx=0 got=0xxx exp=0x1f
#   TRACE ADC stream idx=0 pix=0xxx (golden=0x1a)
#   TRACE ADC stream idx=1 pix=0xxx (golden=0x1a)
#   TRACE TX5x5: mismatches=25 over 25 compared samples
#   TRACE ADC pick: pick_idx=1 latched_idx=1 out_count=2 selected_adc=0xxx first_match_idx=-1
#   ERROR: unknown X/Z detected in compare data
# [CASE  9] exp_case_id=9 tx_raw=0x86 tx_used=0x86 exp_rgb=(17,2,246)
#   X-TRACE case=9 phase=ADC sig=dut.bank_rd_data
#   TRACE TX5x5: first mismatch idx=0 got=0xxx exp=0xed
#   TRACE ADC stream idx=0 pix=0xxx (golden=0x48)
#   TRACE ADC stream idx=1 pix=0xxx (golden=0x48)
#   TRACE TX5x5: mismatches=25 over 25 compared samples
#   TRACE ADC pick: pick_idx=1 latched_idx=1 out_count=2 selected_adc=0xxx first_match_idx=-1
#   ERROR: unknown X/Z detected in compare data
# [CASE 10] exp_case_id=10 tx_raw=0x84 tx_used=0x84 exp_rgb=(19,2,247)
#   X-TRACE case=10 phase=ADC sig=dut.bank_rd_data
#   TRACE TX5x5: first mismatch idx=0 got=0xxx exp=0xed
#   TRACE ADC stream idx=0 pix=0xxx (golden=0x48)
#   TRACE ADC stream idx=1 pix=0xxx (golden=0x48)
#   TRACE TX5x5: mismatches=25 over 25 compared samples
#   TRACE ADC pick: pick_idx=1 latched_idx=1 out_count=2 selected_adc=0xxx first_match_idx=-1
#   ERROR: unknown X/Z detected in compare data
# [CASE 11] exp_case_id=11 tx_raw=0xc3 tx_used=0xc3 exp_rgb=(76,63,57)
#   X-TRACE case=11 phase=ADC sig=dut.bank_rd_data
#   TRACE TX5x5: first mismatch idx=0 got=0xxx exp=0x71
#   TRACE ADC stream idx=0 pix=0xxx (golden=0x21)
#   TRACE ADC stream idx=1 pix=0xxx (golden=0x21)
#   TRACE TX5x5: mismatches=25 over 25 compared samples
#   TRACE ADC pick: pick_idx=1 latched_idx=1 out_count=2 selected_adc=0xxx first_match_idx=-1
#   ERROR: unknown X/Z detected in compare data
# [CASE 12] exp_case_id=12 tx_raw=0x6f tx_used=0x6f exp_rgb=(31,5,253)
#   X-TRACE case=12 phase=ADC sig=dut.bank_rd_data
#   TRACE TX5x5: first mismatch idx=0 got=0xxx exp=0xcd
#   TRACE ADC stream idx=0 pix=0xxx (golden=0x47)
#   TRACE ADC stream idx=1 pix=0xxx (golden=0x47)
#   TRACE TX5x5: mismatches=25 over 25 compared samples
#   TRACE ADC pick: pick_idx=1 latched_idx=1 out_count=2 selected_adc=0xxx first_match_idx=-1
#   ERROR: unknown X/Z detected in compare data
# [CASE 13] exp_case_id=13 tx_raw=0x5b tx_used=0x5b exp_rgb=(5,229,220)
#   X-TRACE case=13 phase=ADC sig=dut.bank_rd_data
#   TRACE TX5x5: first mismatch idx=0 got=0xxx exp=0x1a
#   TRACE ADC stream idx=0 pix=0xxx (golden=0x54)
#   TRACE ADC stream idx=1 pix=0xxx (golden=0x54)
#   TRACE TX5x5: mismatches=25 over 25 compared samples
#   TRACE ADC pick: pick_idx=1 latched_idx=1 out_count=2 selected_adc=0xxx first_match_idx=-1
#   ERROR: unknown X/Z detected in compare data
# [CASE 14] exp_case_id=14 tx_raw=0x23 tx_used=0x23 exp_rgb=(114,19,4)
#   X-TRACE case=14 phase=ADC sig=dut.bank_rd_data
#   TRACE TX5x5: first mismatch idx=0 got=0xxx exp=0xff
#   TRACE ADC stream idx=0 pix=0xxx (golden=0xb0)
#   TRACE ADC stream idx=1 pix=0xxx (golden=0xb0)
#   TRACE TX5x5: mismatches=25 over 25 compared samples
#   TRACE ADC pick: pick_idx=1 latched_idx=1 out_count=2 selected_adc=0xxx first_match_idx=-1
#   ERROR: unknown X/Z detected in compare data
# [CASE 15] exp_case_id=15 tx_raw=0xf6 tx_used=0xf6 exp_rgb=(26,12,11)
#   X-TRACE case=15 phase=ADC sig=dut.bank_rd_data
#   TRACE TX5x5: first mismatch idx=0 got=0xxx exp=0xed
#   TRACE ADC stream idx=0 pix=0xxx (golden=0xe8)
#   TRACE ADC stream idx=1 pix=0xxx (golden=0xe8)
#   TRACE TX5x5: mismatches=25 over 25 compared samples
#   TRACE ADC pick: pick_idx=1 latched_idx=1 out_count=2 selected_adc=0xxx first_match_idx=-1
#   ERROR: unknown X/Z detected in compare data
# [CASE 16] exp_case_id=16 tx_raw=0x64 tx_used=0x64 exp_rgb=(202,182,182)
#   X-TRACE case=16 phase=ADC sig=dut.bank_rd_data
#   TRACE TX5x5: first mismatch idx=0 got=0xxx exp=0xec
#   TRACE ADC stream idx=0 pix=0xxx (golden=0x88)
#   TRACE ADC stream idx=1 pix=0xxx (golden=0x88)
#   TRACE TX5x5: mismatches=25 over 25 compared samples
#   TRACE ADC pick: pick_idx=1 latched_idx=1 out_count=2 selected_adc=0xxx first_match_idx=-1
#   ERROR: unknown X/Z detected in compare data
# [CASE 17] exp_case_id=17 tx_raw=0x72 tx_used=0x72 exp_rgb=(119,98,101)
#   X-TRACE case=17 phase=ADC sig=dut.bank_rd_data
#   TRACE TX5x5: first mismatch idx=0 got=0xxx exp=0xff
#   TRACE ADC stream idx=0 pix=0xxx (golden=0x5f)
#   TRACE ADC stream idx=1 pix=0xxx (golden=0x5f)
#   TRACE TX5x5: mismatches=25 over 25 compared samples
#   TRACE ADC pick: pick_idx=1 latched_idx=1 out_count=2 selected_adc=0xxx first_match_idx=-1
#   ERROR: unknown X/Z detected in compare data
# [CASE 18] exp_case_id=18 tx_raw=0xc3 tx_used=0xc3 exp_rgb=(105,91,94)
#   X-TRACE case=18 phase=ADC sig=dut.bank_rd_data
#   TRACE TX5x5: first mismatch idx=0 got=0xxx exp=0x4c
#   TRACE ADC stream idx=0 pix=0xxx (golden=0x1a)
#   TRACE ADC stream idx=1 pix=0xxx (golden=0x1a)
#   TRACE TX5x5: mismatches=25 over 25 compared samples
#   TRACE ADC pick: pick_idx=1 latched_idx=1 out_count=2 selected_adc=0xxx first_match_idx=-1
#   ERROR: unknown X/Z detected in compare data
# [CASE 19] exp_case_id=19 tx_raw=0x9c tx_used=0x9c exp_rgb=(119,101,88)
#   X-TRACE case=19 phase=ADC sig=dut.bank_rd_data
#   TRACE TX5x5: first mismatch idx=0 got=0xxx exp=0xff
#   TRACE ADC stream idx=0 pix=0xxx (golden=0x57)
#   TRACE ADC stream idx=1 pix=0xxx (golden=0x57)
#   TRACE TX5x5: mismatches=25 over 25 compared samples
#   TRACE ADC pick: pick_idx=1 latched_idx=1 out_count=2 selected_adc=0xxx first_match_idx=-1
#   ERROR: unknown X/Z detected in compare data
# 
# ============================================================
# HAZE_REMOVAL_TOP TB FAIL: total errors = 20
# ============================================================
# 
# ** Note: $finish    : ../01_sim/IPU/haze_removal_top_tb.sv(623)
#    Time: 27835 ns  Iteration: 1  Instance: /haze_removal_top_tb
# End time: 23:04:52 on Mar 14,2026, Elapsed time: 0:00:01
# Errors: 0, Warnings: 1
