BEGIN 3:a_fifo_w_if:fast__2:work
    winc :  1:tb_top:fast:work
    wfull :  1:tb_top:fast:work
    w_rst_n :  1:tb_top:fast:work
    wdata :  1:tb_top:fast:work
END 
BEGIN 3:a_fifo_w_if:fast__1:work
    w_clk :  1:test_pkg:fast:work
    w_rst_n :  1:test_pkg:fast:work 1:a_fifo_pkg:fast:work
END 
BEGIN 3:a_fifo_r_if:fast__1:work
    r_rst_n :  1:test_pkg:fast:work 1:a_fifo_pkg:fast:work
    r_clk :  1:test_pkg:fast:work
END 
BEGIN 3:a_fifo_r_if:fast__2:work
    rinc :  1:tb_top:fast:work
    rempty :  1:tb_top:fast:work
    r_rst_n :  1:tb_top:fast:work
    rdata :  1:tb_top:fast:work
END 
