Assembler report for thesis_v1
Sat Apr 25 14:06:38 2026
Quartus Prime Version 20.1.1 Build 720 11/11/2020 SJ Lite Edition


---------------------
; Table of Contents ;
---------------------
  1. Legal Notice
  2. Assembler Summary
  3. Assembler Settings
  4. Assembler Generated Files
  5. Assembler Device Options: C:/Users/Ms Khanh/OneDrive - hcmut.edu.vn/Desktop/DATN_v2/works_code_DA2_25042026/thesis2542026/06_FGPA_Imple/thesis/output_files/thesis_v1.sof
  6. Assembler Messages



----------------
; Legal Notice ;
----------------
Copyright (C) 2020  Intel Corporation. All rights reserved.
Your use of Intel Corporation's design tools, logic functions 
and other software and tools, and any partner logic 
functions, and any output files from any of the foregoing 
(including device programming or simulation files), and any 
associated documentation or information are expressly subject 
to the terms and conditions of the Intel Program License 
Subscription Agreement, the Intel Quartus Prime License Agreement,
the Intel FPGA IP License Agreement, or other applicable license
agreement, including, without limitation, that your use is for
the sole purpose of programming logic devices manufactured by
Intel and sold by Intel or its authorized distributors.  Please
refer to the applicable agreement for further details, at
https://fpgasoftware.intel.com/eula.



+---------------------------------------------------------------+
; Assembler Summary                                             ;
+-----------------------+---------------------------------------+
; Assembler Status      ; Successful - Sat Apr 25 14:06:38 2026 ;
; Revision Name         ; thesis_v1                             ;
; Top-level Entity Name ; wrapper                               ;
; Family                ; Cyclone V                             ;
; Device                ; 5CSXFC6D6F31C6                        ;
+-----------------------+---------------------------------------+


+----------------------------------+
; Assembler Settings               ;
+--------+---------+---------------+
; Option ; Setting ; Default Value ;
+--------+---------+---------------+


+-------------------------------------------------------------------------------------------------------------------------------------------------+
; Assembler Generated Files                                                                                                                       ;
+-------------------------------------------------------------------------------------------------------------------------------------------------+
; File Name                                                                                                                                       ;
+-------------------------------------------------------------------------------------------------------------------------------------------------+
; C:/Users/Ms Khanh/OneDrive - hcmut.edu.vn/Desktop/DATN_v2/works_code_DA2_25042026/thesis2542026/06_FGPA_Imple/thesis/output_files/thesis_v1.sof ;
+-------------------------------------------------------------------------------------------------------------------------------------------------+


+---------------------------------------------------------------------------------------------------------------------------------------------------------------------------+
; Assembler Device Options: C:/Users/Ms Khanh/OneDrive - hcmut.edu.vn/Desktop/DATN_v2/works_code_DA2_25042026/thesis2542026/06_FGPA_Imple/thesis/output_files/thesis_v1.sof ;
+----------------+----------------------------------------------------------------------------------------------------------------------------------------------------------+
; Option         ; Setting                                                                                                                                                  ;
+----------------+----------------------------------------------------------------------------------------------------------------------------------------------------------+
; JTAG usercode  ; 0x06F5FBBB                                                                                                                                               ;
; Checksum       ; 0x06F5FBBB                                                                                                                                               ;
+----------------+----------------------------------------------------------------------------------------------------------------------------------------------------------+


+--------------------+
; Assembler Messages ;
+--------------------+
Info: *******************************************************************
Info: Running Quartus Prime Assembler
    Info: Version 20.1.1 Build 720 11/11/2020 SJ Lite Edition
    Info: Processing started: Sat Apr 25 14:06:23 2026
Info: Command: quartus_asm --read_settings_files=off --write_settings_files=off thesis_v1 -c thesis_v1
Info (115030): Assembler is generating device programming files
Info: Quartus Prime Assembler was successful. 0 errors, 0 warnings
    Info: Peak virtual memory: 5015 megabytes
    Info: Processing ended: Sat Apr 25 14:06:38 2026
    Info: Elapsed time: 00:00:15
    Info: Total CPU time (on all processors): 00:00:14


