# 
# puts "APB basic functional automation"
# puts "Log file: $log_file"
# 
# vlib work
# ** Warning: (vlib-34) Library already exists at "work".
# Errors: 0, Warnings: 1
# vmap work work
# QuestaSim-64 vmap 2024.1 Lib Mapping Utility 2024.02 Feb  1 2024
# vmap work work 
# Modifying C:/questasim64_2024.1/win64/../modelsim.ini
# 
# set APB_DIR "./00_src/apb_bus"
# ./00_src/apb_bus
# set TB_DIR  "./01_sim/apb4/tb"
# ./01_sim/apb4/tb
# 
# vlog +acc \
#     $APB_DIR/APB_Master.v \
#     $APB_DIR/APB_Slave.v \
#     $APB_DIR/APB_Wrapper.v \
#     $TB_DIR/tb_apb_basic_func.v
# QuestaSim-64 vlog 2024.1 Compiler 2024.02 Feb  1 2024
# Start time: 15:21:12 on Mar 21,2026
# vlog "+acc" ./00_src/apb_bus/APB_Master.v ./00_src/apb_bus/APB_Slave.v ./00_src/apb_bus/APB_Wrapper.v ./01_sim/apb4/tb/tb_apb_basic_func.v 
# -- Compiling module APB_Master
# -- Compiling module APB_Slave
# -- Compiling module APB_Wrapper
# -- Compiling module tb_apb_basic_func
# 
# Top level modules:
# 	tb_apb_basic_func
# End time: 15:21:12 on Mar 21,2026, Elapsed time: 0:00:00
# Errors: 0, Warnings: 0
# 
# vsim -c tb_apb_basic_func -do "run -all; quit -f"
# vsim -c tb_apb_basic_func -do "run -all; quit -f" 
# Start time: 15:21:12 on Mar 21,2026
# ** Note: (vsim-8009) Loading existing optimized design _opt2
# //  Questa Sim-64
# //  Version 2024.1 win64 Feb  1 2024
# //
# // Unpublished work. Copyright 2024 Siemens
# //
# // This material contains trade secrets or otherwise confidential information
# // owned by Siemens Industry Software Inc. or its affiliates (collectively,
# // "SISW"), or its licensors. Access to and use of this information is strictly
# // limited as set forth in the Customer's applicable agreements with SISW.
# //
# // This material may not be copied, distributed, or otherwise disclosed outside
# // of the Customer's facilities without the express written permission of SISW,
# // and may not be used in any way not expressly authorized by SISW.
# //
# Loading work.tb_apb_basic_func(fast)
# Loading work.APB_Wrapper(fast)
# Loading work.APB_Master(fast)
# Loading work.APB_Slave(fast)
# run -all
# 
# ===== APB Basic Functional Testbench Start =====
# <at time 35000 ns> [START] Full-word write/read
# [PASS] Full-word write/read: value=0xa5a55a5a
# [PASS] Read with PSTRB=0 has no error: value=0
# <at time 115000 ns> [START] Partial write/read with PSTRB=0110
# [PASS] Partial write 0110: value=0x00112200
# [PASS] Partial read no error: value=0
# <at time 195000 ns> [START] Partial write/read with PSTRB=1001
# [PASS] Partial write 1001: value=0x880000bb
# [PASS] Partial read no error #2: value=0
# <at time 275000 ns> [START] Read with non-zero PSTRB expects PSLVERR
# [PASS] Read with non-zero PSTRB -> PSLVERR: value=1
# ===== APB Basic Functional Testbench Summary =====
# TOTAL=7 PASS=7 FAIL=0
# RESULT: PASS
# ** Note: $finish    : ./01_sim/apb4/tb/tb_apb_basic_func.v(214)
#    Time: 325 ns  Iteration: 1  Instance: /tb_apb_basic_func
# End time: 15:21:14 on Mar 21,2026, Elapsed time: 0:00:02
# Errors: 0, Warnings: 0
