Flow report for thesis_v1
Sun Apr 19 15:58:50 2026
Quartus Prime Version 20.1.1 Build 720 11/11/2020 SJ Lite Edition


---------------------
; Table of Contents ;
---------------------
  1. Legal Notice
  2. Flow Summary
  3. Flow Settings
  4. Flow Non-Default Global Settings
  5. Flow Elapsed Time
  6. Flow OS Summary
  7. Flow Log
  8. Flow Messages
  9. Flow Suppressed Messages



----------------
; Legal Notice ;
----------------
Copyright (C) 2020  Intel Corporation. All rights reserved.
Your use of Intel Corporation's design tools, logic functions 
and other software and tools, and any partner logic 
functions, and any output files from any of the foregoing 
(including device programming or simulation files), and any 
associated documentation or information are expressly subject 
to the terms and conditions of the Intel Program License 
Subscription Agreement, the Intel Quartus Prime License Agreement,
the Intel FPGA IP License Agreement, or other applicable license
agreement, including, without limitation, that your use is for
the sole purpose of programming logic devices manufactured by
Intel and sold by Intel or its authorized distributors.  Please
refer to the applicable agreement for further details, at
https://fpgasoftware.intel.com/eula.



+-------------------------------------------------------------------------------+
; Flow Summary                                                                  ;
+---------------------------------+---------------------------------------------+
; Flow Status                     ; Successful - Sun Apr 19 15:57:36 2026       ;
; Quartus Prime Version           ; 20.1.1 Build 720 11/11/2020 SJ Lite Edition ;
; Revision Name                   ; thesis_v1                                   ;
; Top-level Entity Name           ; wrapper                                     ;
; Family                          ; Cyclone V                                   ;
; Device                          ; 5CSXFC6D6F31C6                              ;
; Timing Models                   ; Final                                       ;
; Logic utilization (in ALMs)     ; 6,986 / 41,910 ( 17 % )                     ;
; Total registers                 ; 10686                                       ;
; Total pins                      ; 180 / 499 ( 36 % )                          ;
; Total virtual pins              ; 0                                           ;
; Total block memory bits         ; 2,300,416 / 5,662,720 ( 41 % )              ;
; Total DSP Blocks                ; 38 / 112 ( 34 % )                           ;
; Total HSSI RX PCSs              ; 0 / 9 ( 0 % )                               ;
; Total HSSI PMA RX Deserializers ; 0 / 9 ( 0 % )                               ;
; Total HSSI TX PCSs              ; 0 / 9 ( 0 % )                               ;
; Total HSSI PMA TX Serializers   ; 0 / 9 ( 0 % )                               ;
; Total PLLs                      ; 1 / 15 ( 7 % )                              ;
; Total DLLs                      ; 0 / 4 ( 0 % )                               ;
+---------------------------------+---------------------------------------------+


+-----------------------------------------+
; Flow Settings                           ;
+-------------------+---------------------+
; Option            ; Setting             ;
+-------------------+---------------------+
; Start date & time ; 04/19/2026 15:47:18 ;
; Main task         ; Compilation         ;
; Revision Name     ; thesis_v1           ;
+-------------------+---------------------+


+--------------------------------------------------------------------------------------------------------------------------------------------+
; Flow Non-Default Global Settings                                                                                                           ;
+---------------------------------------------------+----------------------------------------+--------------------+-------------+------------+
; Assignment Name                                   ; Value                                  ; Default Value      ; Entity Name ; Section Id ;
+---------------------------------------------------+----------------------------------------+--------------------+-------------+------------+
; ADV_NETLIST_OPT_SYNTH_WYSIWYG_REMAP               ; On                                     ; Off                ; --          ; --         ;
; COMPILER_SIGNATURE_ID                             ; 53067942810145.177658843718476         ; --                 ; --          ; --         ;
; FITTER_EFFORT                                     ; Standard Fit                           ; Auto Fit           ; --          ; --         ;
; MAX_CORE_JUNCTION_TEMP                            ; 85                                     ; --                 ; --          ; --         ;
; MAX_NUMBER_OF_REGISTERS_FROM_UNINFERRED_RAMS      ; 500000                                 ; -1 (Unlimited)     ; --          ; --         ;
; MIN_CORE_JUNCTION_TEMP                            ; 0                                      ; --                 ; --          ; --         ;
; MISC_FILE                                         ; ../../01_sim/RISC_V/02_test/isa_4b.hex ; --                 ; --          ; --         ;
; NUM_PARALLEL_PROCESSORS                           ; 4                                      ; --                 ; --          ; --         ;
; OPTIMIZATION_TECHNIQUE                            ; Speed                                  ; Balanced           ; --          ; --         ;
; OPTIMIZE_POWER_DURING_FITTING                     ; Off                                    ; Normal compilation ; --          ; --         ;
; PARTITION_COLOR                                   ; -- (Not supported for targeted family) ; --                 ; wrapper     ; Top        ;
; PARTITION_FITTER_PRESERVATION_LEVEL               ; -- (Not supported for targeted family) ; --                 ; wrapper     ; Top        ;
; PARTITION_NETLIST_TYPE                            ; -- (Not supported for targeted family) ; --                 ; wrapper     ; Top        ;
; PHYSICAL_SYNTHESIS_ASYNCHRONOUS_SIGNAL_PIPELINING ; On                                     ; Off                ; --          ; --         ;
; PHYSICAL_SYNTHESIS_COMBO_LOGIC                    ; On                                     ; Off                ; --          ; --         ;
; PHYSICAL_SYNTHESIS_EFFORT                         ; Extra                                  ; Normal             ; --          ; --         ;
; PHYSICAL_SYNTHESIS_REGISTER_DUPLICATION           ; On                                     ; Off                ; --          ; --         ;
; PHYSICAL_SYNTHESIS_REGISTER_RETIMING              ; On                                     ; Off                ; --          ; --         ;
; POWER_BOARD_THERMAL_MODEL                         ; None (CONSERVATIVE)                    ; --                 ; --          ; --         ;
; POWER_PRESET_COOLING_SOLUTION                     ; 23 MM HEAT SINK WITH 200 LFPM AIRFLOW  ; --                 ; --          ; --         ;
; PROJECT_OUTPUT_DIRECTORY                          ; output_files                           ; --                 ; --          ; --         ;
; ROUTER_TIMING_OPTIMIZATION_LEVEL                  ; MAXIMUM                                ; Normal             ; --          ; --         ;
; TOP_LEVEL_ENTITY                                  ; wrapper                                ; thesis_v1          ; --          ; --         ;
+---------------------------------------------------+----------------------------------------+--------------------+-------------+------------+


+--------------------------------------------------------------------------------------------------------------------------+
; Flow Elapsed Time                                                                                                        ;
+----------------------+--------------+-------------------------+---------------------+------------------------------------+
; Module Name          ; Elapsed Time ; Average Processors Used ; Peak Virtual Memory ; Total CPU Time (on all processors) ;
+----------------------+--------------+-------------------------+---------------------+------------------------------------+
; Analysis & Synthesis ; 00:00:56     ; 1.0                     ; 5045 MB             ; 00:01:09                           ;
; Fitter               ; 00:08:47     ; 1.4                     ; 7019 MB             ; 00:20:58                           ;
; Assembler            ; 00:00:18     ; 1.0                     ; 5012 MB             ; 00:00:18                           ;
; Timing Analyzer      ; 00:01:13     ; 3.1                     ; 5750 MB             ; 00:03:12                           ;
; Total                ; 00:11:14     ; --                      ; --                  ; 00:25:37                           ;
+----------------------+--------------+-------------------------+---------------------+------------------------------------+


+------------------------------------------------------------------------------------+
; Flow OS Summary                                                                    ;
+----------------------+------------------+------------+------------+----------------+
; Module Name          ; Machine Hostname ; OS Name    ; OS Version ; Processor type ;
+----------------------+------------------+------------+------------+----------------+
; Analysis & Synthesis ; LAPTOP-H50R2O0F  ; Windows 10 ; 10.0       ; x86_64         ;
; Fitter               ; LAPTOP-H50R2O0F  ; Windows 10 ; 10.0       ; x86_64         ;
; Assembler            ; LAPTOP-H50R2O0F  ; Windows 10 ; 10.0       ; x86_64         ;
; Timing Analyzer      ; LAPTOP-H50R2O0F  ; Windows 10 ; 10.0       ; x86_64         ;
+----------------------+------------------+------------+------------+----------------+


------------
; Flow Log ;
------------
quartus_map --read_settings_files=on --write_settings_files=off thesis_v1 -c thesis_v1
quartus_fit --read_settings_files=off --write_settings_files=off thesis_v1 -c thesis_v1
quartus_asm --read_settings_files=off --write_settings_files=off thesis_v1 -c thesis_v1
quartus_sta thesis_v1 -c thesis_v1



